Component: ARM Compiler 5.05 update 1 (build 106) Tool: armlink [4d0efa]

==============================================================================

Section Cross References

    main.o(.text) refers to system_stm32f10x.o(.text) for SystemInit
    main.o(.text) refers to os_core.o(.text) for OSInit
    main.o(.text) refers to os_task.o(.text) for OSTaskCreate
    main.o(.text) refers to app_task.o(.bss) for startup_task_stk
    main.o(.text) refers to app_task.o(.text) for startup_task
    stm32f10x_it.o(.text) refers to os_core.o(.text) for OSIntEnter
    system_stm32f10x.o(.text) refers to system_stm32f10x.o(.data) for SystemCoreClock
    stm32f10x_gpio.o(.text) refers to stm32f10x_rcc.o(.text) for RCC_APB2PeriphResetCmd
    stm32f10x_rcc.o(.text) refers to stm32f10x_rcc.o(.data) for APBAHBPrescTable
    stm32f10x_adc.o(.text) refers to stm32f10x_rcc.o(.text) for RCC_APB2PeriphResetCmd
    stm32f10x_cec.o(.text) refers to stm32f10x_rcc.o(.text) for RCC_APB1PeriphResetCmd
    stm32f10x_dac.o(.text) refers to stm32f10x_rcc.o(.text) for RCC_APB1PeriphResetCmd
    stm32f10x_i2c.o(.text) refers to stm32f10x_rcc.o(.text) for RCC_APB1PeriphResetCmd
    stm32f10x_spi.o(.text) refers to stm32f10x_rcc.o(.text) for RCC_APB2PeriphResetCmd
    stm32f10x_tim.o(.text) refers to stm32f10x_rcc.o(.text) for RCC_APB2PeriphResetCmd
    stm32f10x_usart.o(.text) refers to stm32f10x_rcc.o(.text) for RCC_APB2PeriphResetCmd
    startup_stm32f10x_hd.o(RESET) refers to startup_stm32f10x_hd.o(STACK) for __initial_sp
    startup_stm32f10x_hd.o(RESET) refers to startup_stm32f10x_hd.o(.text) for Reset_Handler
    startup_stm32f10x_hd.o(RESET) refers to stm32f10x_it.o(.text) for NMI_Handler
    startup_stm32f10x_hd.o(RESET) refers to os_cpu_a.o(.text) for OS_CPU_PendSVHandler
    startup_stm32f10x_hd.o(RESET) refers to usart.o(.text) for DMA1_Channel5_IRQHandler
    startup_stm32f10x_hd.o(RESET) refers to exti.o(.text) for EXTI9_5_IRQHandler
    startup_stm32f10x_hd.o(.text) refers to system_stm32f10x.o(.text) for SystemInit
    startup_stm32f10x_hd.o(.text) refers to entry.o(.ARM.Collect$$$$00000000) for __main
    os_core.o(.text) refers to os_cpu_a.o(.text) for OS_CPU_SR_Save
    os_core.o(.text) refers to os_cpu_c.o(.text) for OSTaskIdleHook
    os_core.o(.text) refers to os_task.o(.text) for OSTaskCreateExt
    os_core.o(.text) refers to os_core.o(.data) for OSIntNesting
    os_core.o(.text) refers to os_core.o(.bss) for OSTaskIdleStk
    os_core.o(.text) refers to os_core.o(.constdata) for OSUnMapTbl
    os_mbox.o(.text) refers to os_cpu_a.o(.text) for OS_CPU_SR_Save
    os_mbox.o(.text) refers to os_core.o(.text) for OS_EventWaitListInit
    os_mbox.o(.text) refers to os_core.o(.data) for OSIntNesting
    os_sem.o(.text) refers to os_cpu_a.o(.text) for OS_CPU_SR_Save
    os_sem.o(.text) refers to os_core.o(.text) for OS_EventWaitListInit
    os_sem.o(.text) refers to os_core.o(.data) for OSIntNesting
    os_task.o(.text) refers to os_cpu_a.o(.text) for OS_CPU_SR_Save
    os_task.o(.text) refers to os_cpu_c.o(.text) for OSTaskStkInit
    os_task.o(.text) refers to os_core.o(.text) for OS_TCBInit
    os_task.o(.text) refers to os_core.o(.data) for OSIntNesting
    os_task.o(.text) refers to os_core.o(.bss) for OSTCBPrioTbl
    os_time.o(.text) refers to os_cpu_a.o(.text) for OS_CPU_SR_Save
    os_time.o(.text) refers to os_core.o(.text) for OS_Sched
    os_time.o(.text) refers to os_core.o(.data) for OSIntNesting
    os_time.o(.text) refers to os_core.o(.bss) for OSTCBPrioTbl
    os_cpu_a.o(.text) refers to os_core.o(.data) for OSRunning
    os_cpu_a.o(.text) refers to os_cpu_c.o(.text) for OSTaskSwHook
    led.o(.text) refers to stm32f10x_rcc.o(.text) for RCC_APB2PeriphClockCmd
    led.o(.text) refers to stm32f10x_gpio.o(.text) for GPIO_PinRemapConfig
    motor.o(.text) refers to stm32f10x_rcc.o(.text) for RCC_APB1PeriphClockCmd
    motor.o(.text) refers to stm32f10x_tim.o(.text) for TIM_TimeBaseInit
    motor.o(.text) refers to stm32f10x_gpio.o(.text) for GPIO_Init
    motor.o(.text) refers to system_stm32f10x.o(.data) for SystemCoreClock
    nrf24l01.o(.text) refers to stm32f10x_gpio.o(.text) for GPIO_Init
    nrf24l01.o(.text) refers to spi.o(.text) for SPI1_Init
    nrf24l01.o(.text) refers to exti.o(.text) for EXTI_PA11_24L01_Init
    nrf24l01.o(.text) refers to nrf24l01.o(.data) for TX_ADDRESS
    spi.o(.text) refers to stm32f10x_rcc.o(.text) for RCC_APB2PeriphClockCmd
    spi.o(.text) refers to stm32f10x_gpio.o(.text) for GPIO_Init
    spi.o(.text) refers to stm32f10x_spi.o(.text) for SPI_Init
    exti.o(.text) refers to stm32f10x_rcc.o(.text) for RCC_APB2PeriphClockCmd
    exti.o(.text) refers to stm32f10x_gpio.o(.text) for GPIO_Init
    exti.o(.text) refers to stm32f10x_exti.o(.text) for EXTI_Init
    exti.o(.text) refers to misc.o(.text) for NVIC_PriorityGroupConfig
    exti.o(.text) refers to os_sem.o(.text) for OSSemPost
    exti.o(.text) refers to os_core.o(.text) for OSIntEnter
[...]
    .text                                    0x08007b50   Section        0  frnd.o(.text)
    .text                                    0x08007b8c   Section        0  depilogue.o(.text)
    .text                                    0x08007c46   Section        0  dscalb.o(.text)
    .text                                    0x08007c74   Section        0  dsqrt.o(.text)
    .text                                    0x08007d18   Section       36  init.o(.text)
    .text                                    0x08007d3c   Section        0  fscalb.o(.text)
    .text                                    0x08007d54   Section        0  ffltui.o(.text)
    .text                                    0x08007d5e   Section        0  __dczerorl2.o(.text)
    i.__0printf$bare                         0x08007db4   Section        0  printfb.o(i.__0printf$bare)
    i.__ARM_fpclassify                       0x08007dc4   Section        0  fpclassify.o(i.__ARM_fpclassify)
    i.__ARM_fpclassifyf                      0x08007dec   Section        0  fpclassifyf.o(i.__ARM_fpclassifyf)
    i.__kernel_poly                          0x08007e12   Section        0  poly.o(i.__kernel_poly)
    i.__mathlib_dbl_infnan                   0x08007ebc   Section        0  dunder.o(i.__mathlib_dbl_infnan)
    i.__mathlib_dbl_infnan2                  0x08007ec2   Section        0  dunder.o(i.__mathlib_dbl_infnan2)
    i.__mathlib_dbl_invalid                  0x08007ec6   Section        0  dunder.o(i.__mathlib_dbl_invalid)
    i.__mathlib_dbl_underflow                0x08007ed4   Section        0  dunder.o(i.__mathlib_dbl_underflow)
    i.__mathlib_flt_infnan                   0x08007ee4   Section        0  funder.o(i.__mathlib_flt_infnan)
    i.__mathlib_flt_invalid                  0x08007eea   Section        0  funder.o(i.__mathlib_flt_invalid)
    i.__mathlib_flt_underflow                0x08007ef2   Section        0  funder.o(i.__mathlib_flt_underflow)
    i.__mathlib_rredf2                       0x08007efc   Section        0  rredf.o(i.__mathlib_rredf2)
    i.__scatterload_copy                     0x08008064   Section       14  handlers.o(i.__scatterload_copy)
    i.__scatterload_null                     0x08008072   Section        2  handlers.o(i.__scatterload_null)
    i.__scatterload_zeroinit                 0x08008074   Section       14  handlers.o(i.__scatterload_zeroinit)
    i.__set_errno                            0x08008084   Section        0  errno.o(i.__set_errno)
    i._printf_core                           0x08008090   Section        0  printfb.o(i._printf_core)
    _printf_core                             0x08008091   Thumb Code    34  printfb.o(i._printf_core)
    i.asin                                   0x080080b4   Section        0  asin.o(i.asin)
    i.atan                                   0x08008324   Section        0  atan.o(i.atan)
    i.atan2                                  0x08008544   Section        0  atan2.o(i.atan2)
    i.cosf                                   0x080086c4   Section        0  cosf.o(i.cosf)
    i.sinf                                   0x08008840   Section        0  sinf.o(i.sinf)
    i.sqrt                                   0x080089c8   Section        0  sqrt.o(i.sqrt)
    .constdata                               0x08008a14   Section      256  os_core.o(.constdata)
    .constdata                               0x08008b18   Section       80  asin.o(.constdata)
    pS                                       0x08008b18   Data          48  asin.o(.constdata)
    qS                                       0x08008b48   Data          32  asin.o(.constdata)
    .constdata                               0x08008b68   Section      152  atan.o(.constdata)
    atanhi                                   0x08008b68   Data          32  atan.o(.constdata)
    atanlo                                   0x08008b88   Data          32  atan.o(.constdata)
    aTodd                                    0x08008ba8   Data          40  atan.o(.constdata)
    aTeven                                   0x08008bd0   Data          48  atan.o(.constdata)
    .constdata                               0x08008c00   Section        8  qnan.o(.constdata)
    .constdata                               0x08008c08   Section       32  rredf.o(.constdata)
    twooverpi                                0x08008c08   Data          32  rredf.o(.constdata)
    .data                                    0x20000000   Section       20  system_stm32f10x.o(.data)
    .data                                    0x20000014   Section       20  stm32f10x_rcc.o(.data)
    APBAHBPrescTable                         0x20000014   Data          16  stm32f10x_rcc.o(.data)
    ADCPrescTable                            0x20000024   Data           4  stm32f10x_rcc.o(.data)
    .data                                    0x20000028   Section       44  os_core.o(.data)
    .data                                    0x20000054   Section       10  nrf24l01.o(.data)
    .data                                    0x20000060   Section       19  app_task.o(.data)
    Gyro_OffsetOK                            0x20000070   Data           1  app_task.o(.data)
    Acc_OffsetOK                             0x20000071   Data           1  app_task.o(.data)
    Once                                     0x20000072   Data           1  app_task.o(.data)
    .data                                    0x20000074   Section       40  rc.o(.data)
    .data                                    0x2000009c   Section       16  quaternion.o(.data)
    .data                                    0x200000ac   Section       28  dataprocess.o(.data)
    .data                                    0x200000c8   Section      106  control.o(.data)
    rate_error_last                          0x20000110   Data           4  control.o(.data)
    rate_err_rate_last                       0x20000114   Data           4  control.o(.data)
    rate_error_last                          0x20000118   Data           4  control.o(.data)
    rate_err_rate_last                       0x2000011c   Data           4  control.o(.data)
    altexecnt                                0x20000120   Data           1  control.o(.data)
    altacc_thro_save                         0x20000122   Data           2  control.o(.data)
    roll_last                                0x20000124   Data           4  control.o(.data)
    pitch_last                               0x20000128   Data           4  control.o(.data)
    throttle                                 0x2000012c   Data           2  control.o(.data)
    MaxAngle                                 0x2000012e   Data           2  control.o(.data)
    MinAngle                                 0x20000130   Data           2  control.o(.data)
    .data                                    0x20000134   Section      153  ahrs.o(.data)
    calcnt                                   0x20000194   Data           2  ahrs.o(.data)
    tempX                                    0x20000198   Data           4  ahrs.o(.data)
    tempY                                    0x2000019c   Data           4  ahrs.o(.data)
    tempZ                                    0x200001a0   Data           4  ahrs.o(.data)
    calcnt                                   0x200001a4   Data           2  ahrs.o(.data)
    tempX                                    0x200001a8   Data           4  ahrs.o(.data)
    tempY                                    0x200001ac   Data           4  ahrs.o(.data)
    tempZ                                    0x200001b0   Data           4  ahrs.o(.data)
    Yaw_Last                                 0x200001b4   Data           4  ahrs.o(.data)
    Roll_Last                                0x200001b8   Data           4  ahrs.o(.data)
    Pitch_Last                               0x200001bc   Data           4  ahrs.o(.data)
    Yaw_Raw                                  0x200001c0   Data           4  ahrs.o(.data)
    Roll_Raw                                 0x200001c4   Data           4  ahrs.o(.data)
    Pitch_Raw                                0x200001c8   Data           4  ahrs.o(.data)
    filpoint                                 0x200001cc   Data           1  ahrs.o(.data)
    .data                                    0x200001d0   Section       24  attitude.o(.data)
    .data                                    0x200001e8   Section       23  debug.o(.data)
    check                                    0x200001fd   Data           1  debug.o(.data)
    i                                        0x200001fe   Data           1  debug.o(.data)
    .data                                    0x20000200   Section        4  stdout.o(.data)
    .data                                    0x20000204   Section        4  errno.o(.data)
    _errno                                   0x20000204   Data           4  errno.o(.data)
    .bss                                     0x20000208   Section     2724  os_core.o(.bss)
    .bss                                     0x20000cac   Section       44  usart.o(.bss)
    .bss                                     0x20000cd8   Section     1880  app_task.o(.bss)
    .bss                                     0x20001430   Section       56  fly_reg.o(.bss)
    .bss                                     0x20001468   Section       64  rc.o(.bss)
    .bss                                     0x200014a8   Section       36  quaternion.o(.bss)
    .bss                                     0x200014cc   Section      256  control.o(.bss)
    .bss                                     0x200015cc   Section      228  ahrs.o(.bss)
    .bss                                     0x200016b0   Section       60  attitude.o(.bss)
    .bss                                     0x200016ec   Section      138  debug.o(.bss)
    STACK                                    0x20001778   Section     1024  startup_stm32f10x_hd.o(STACK)

    Global Symbols

    Symbol Name                              Value     Ov Type        Size  Object(Section)

    BuildAttributes$$THM_ISAv4$P$D$K$B$S$PE$A:L22UL41UL21$X:L11$S22US41US21$IEEE1$IW$USESV6$~STKCKD$USESV7$~SHL$OTIME$ROPI$IEEEX$EBA8$MICROLIB$REQ8$PRES8$EABIv2 0x00000000   Number         0  anon$$obj.o ABSOLUTE
    __ARM_use_no_argv                        0x00000000   Number         0  main.o ABSOLUTE
    __cpp_initialize__aeabi_                  - Undefined Weak Reference
    __cxa_finalize                            - Undefined Weak Reference
    _clock_init                               - Undefined Weak Reference
    _microlib_exit                            - Undefined Weak Reference
    __Vectors_Size                           0x00000130   Number         0  startup_stm32f10x_hd.o ABSOLUTE
    __Vectors                                0x08000000   Data           4  startup_stm32f10x_hd.o(RESET)
    __Vectors_End                            0x08000130   Data           0  startup_stm32f10x_hd.o(RESET)
    __main                                   0x08000131   Thumb Code     0  entry.o(.ARM.Collect$$$$00000000)
    _main_stk                                0x08000131   Thumb Code     0  entry2.o(.ARM.Collect$$$$00000001)
    _main_scatterload                        0x08000135   Thumb Code     0  entry5.o(.ARM.Collect$$$$00000004)
    __main_after_scatterload                 0x08000139   Thumb Code     0  entry5.o(.ARM.Collect$$$$00000004)
    _main_clock                              0x08000139   Thumb Code     0  entry7b.o(.ARM.Collect$$$$00000008)
    _main_cpp_init                           0x08000139   Thumb Code     0  entry8b.o(.ARM.Collect$$$$0000000A)
    _main_init                               0x08000139   Thumb Code     0  entry9a.o(.ARM.Collect$$$$0000000B)
    __rt_final_cpp                           0x08000141   Thumb Code     0  entry10a.o(.ARM.Collect$$$$0000000D)
    __rt_final_exit                          0x08000141   Thumb Code     0  entry11a.o(.ARM.Collect$$$$0000000F)
    main                                     0x08000145   Thumb Code    30  main.o(.text)
    NMI_Handler                              0x0800016d   Thumb Code     2  stm32f10x_it.o(.text)
    HardFault_Handler                        0x0800016f   Thumb Code     4  stm32f10x_it.o(.text)
    MemManage_Handler                        0x08000173   Thumb Code     4  stm32f10x_it.o(.text)
    BusFault_Handler                         0x08000177   Thumb Code     4  stm32f10x_it.o(.text)
    UsageFault_Handler                       0x0800017b   Thumb Code     4  stm32f10x_it.o(.text)
    SVC_Handler                              0x0800017f   Thumb Code     2  stm32f10x_it.o(.text)
    DebugMon_Handler                         0x08000181   Thumb Code     2  stm32f10x_it.o(.text)
    PendSV_Handler                           0x08000183   Thumb Code     2  stm32f10x_it.o(.text)
    SysTick_Handler                          0x08000185   Thumb Code    16  stm32f10x_it.o(.text)
    SystemInit                               0x08000273   Thumb Code    78  system_stm32f10x.o(.text)
    SystemCoreClockUpdate                    0x080002c1   Thumb Code   142  system_stm32f10x.o(.text)
    NVIC_PriorityGroupConfig                 0x08000375   Thumb Code    10  misc.o(.text)
    NVIC_Init                                0x0800037f   Thumb Code   100  misc.o(.text)
    NVIC_SetVectorTable                      0x080003e3   Thumb Code    14  misc.o(.text)
    NVIC_SystemLPConfig                      0x080003f1   Thumb Code    34  misc.o(.text)
    SysTick_CLKSourceConfig                  0x08000413   Thumb Code    40  misc.o(.text)
    GPIO_DeInit                              0x08000451   Thumb Code   172  stm32f10x_gpio.o(.text)
    GPIO_AFIODeInit                          0x080004fd   Thumb Code    20  stm32f10x_gpio.o(.text)
    GPIO_Init                                0x08000511   Thumb Code   278  stm32f10x_gpio.o(.text)
    GPIO_StructInit                          0x08000627   Thumb Code    16  stm32f10x_gpio.o(.text)
    GPIO_ReadInputDataBit                    0x08000637   Thumb Code    18  stm32f10x_gpio.o(.text)
    GPIO_ReadInputData                       0x08000649   Thumb Code     8  stm32f10x_gpio.o(.text)
    GPIO_ReadOutputDataBit                   0x08000651   Thumb Code    18  stm32f10x_gpio.o(.text)
    GPIO_ReadOutputData                      0x08000663   Thumb Code     8  stm32f10x_gpio.o(.text)
    GPIO_SetBits                             0x0800066b   Thumb Code     4  stm32f10x_gpio.o(.text)
    GPIO_ResetBits                           0x0800066f   Thumb Code     4  stm32f10x_gpio.o(.text)
    GPIO_WriteBit                            0x08000673   Thumb Code    10  stm32f10x_gpio.o(.text)
    GPIO_Write                               0x0800067d   Thumb Code     4  stm32f10x_gpio.o(.text)
    GPIO_PinLockConfig                       0x08000681   Thumb Code    18  stm32f10x_gpio.o(.text)
    GPIO_EventOutputConfig                   0x08000693   Thumb Code    26  stm32f10x_gpio.o(.text)
    GPIO_EventOutputCmd                      0x080006ad   Thumb Code     6  stm32f10x_gpio.o(.text)
    GPIO_PinRemapConfig                      0x080006b3   Thumb Code   138  stm32f10x_gpio.o(.text)
    GPIO_EXTILineConfig                      0x0800073d   Thumb Code    66  stm32f10x_gpio.o(.text)
    GPIO_ETH_MediaInterfaceConfig            0x0800077f   Thumb Code     8  stm32f10x_gpio.o(.text)
    RCC_DeInit                               0x080007ad   Thumb Code    64  stm32f10x_rcc.o(.text)
    RCC_HSEConfig                            0x080007ed   Thumb Code    70  stm32f10x_rcc.o(.text)
    RCC_GetFlagStatus                        0x08000833   Thumb Code    56  stm32f10x_rcc.o(.text)
    RCC_WaitForHSEStartUp                    0x0800086b   Thumb Code    56  stm32f10x_rcc.o(.text)
    RCC_AdjustHSICalibrationValue            0x080008a3   Thumb Code    20  stm32f10x_rcc.o(.text)
    RCC_HSICmd                               0x080008b7   Thumb Code     6  stm32f10x_rcc.o(.text)
    RCC_PLLConfig                            0x080008bd   Thumb Code    24  stm32f10x_rcc.o(.text)
    RCC_PLLCmd                               0x080008d5   Thumb Code     6  stm32f10x_rcc.o(.text)
    RCC_SYSCLKConfig                         0x080008db   Thumb Code    18  stm32f10x_rcc.o(.text)
    RCC_GetSYSCLKSource                      0x080008ed   Thumb Code    10  stm32f10x_rcc.o(.text)
    RCC_HCLKConfig                           0x080008f7   Thumb Code    18  stm32f10x_rcc.o(.text)
    RCC_PCLK1Config                          0x08000909   Thumb Code    18  stm32f10x_rcc.o(.text)
    RCC_PCLK2Config                          0x0800091b   Thumb Code    20  stm32f10x_rcc.o(.text)
    RCC_ITConfig                             0x0800092f   Thumb Code    26  stm32f10x_rcc.o(.text)
    RCC_USBCLKConfig                         0x08000949   Thumb Code     8  stm32f10x_rcc.o(.text)
    RCC_ADCCLKConfig                         0x08000951   Thumb Code    18  stm32f10x_rcc.o(.text)
    RCC_LSEConfig                            0x08000963   Thumb Code    50  stm32f10x_rcc.o(.text)
    RCC_LSICmd                               0x08000995   Thumb Code     6  stm32f10x_rcc.o(.text)
    RCC_RTCCLKConfig                         0x0800099b   Thumb Code    12  stm32f10x_rcc.o(.text)
    RCC_RTCCLKCmd                            0x080009a7   Thumb Code     8  stm32f10x_rcc.o(.text)
    RCC_GetClocksFreq                        0x080009af   Thumb Code   192  stm32f10x_rcc.o(.text)
    RCC_AHBPeriphClockCmd                    0x08000a6f   Thumb Code    26  stm32f10x_rcc.o(.text)
    RCC_APB2PeriphClockCmd                   0x08000a89   Thumb Code    26  stm32f10x_rcc.o(.text)
    RCC_APB1PeriphClockCmd                   0x08000aa3   Thumb Code    26  stm32f10x_rcc.o(.text)
    RCC_APB2PeriphResetCmd                   0x08000abd   Thumb Code    26  stm32f10x_rcc.o(.text)
    RCC_APB1PeriphResetCmd                   0x08000ad7   Thumb Code    26  stm32f10x_rcc.o(.text)
    RCC_BackupResetCmd                       0x08000af1   Thumb Code     8  stm32f10x_rcc.o(.text)
    RCC_ClockSecuritySystemCmd               0x08000af9   Thumb Code     6  stm32f10x_rcc.o(.text)
    RCC_MCOConfig                            0x08000aff   Thumb Code     6  stm32f10x_rcc.o(.text)
    RCC_ClearFlag                            0x08000b05   Thumb Code    14  stm32f10x_rcc.o(.text)
    RCC_GetITStatus                          0x08000b13   Thumb Code    20  stm32f10x_rcc.o(.text)
    RCC_ClearITPendingBit                    0x08000b27   Thumb Code     6  stm32f10x_rcc.o(.text)
    DMA_DeInit                               0x08000b51   Thumb Code   324  stm32f10x_dma.o(.text)
    DMA_Init                                 0x08000c95   Thumb Code    60  stm32f10x_dma.o(.text)
    DMA_StructInit                           0x08000cd1   Thumb Code    26  stm32f10x_dma.o(.text)
    DMA_Cmd                                  0x08000ceb   Thumb Code    24  stm32f10x_dma.o(.text)
    DMA_ITConfig                             0x08000d03   Thumb Code    18  stm32f10x_dma.o(.text)
    DMA_SetCurrDataCounter                   0x08000d15   Thumb Code     4  stm32f10x_dma.o(.text)
    DMA_GetCurrDataCounter                   0x08000d19   Thumb Code     8  stm32f10x_dma.o(.text)
    DMA_GetFlagStatus                        0x08000d21   Thumb Code    40  stm32f10x_dma.o(.text)
    DMA_ClearFlag                            0x08000d49   Thumb Code    22  stm32f10x_dma.o(.text)
    DMA_GetITStatus                          0x08000d5f   Thumb Code    40  stm32f10x_dma.o(.text)
    DMA_ClearITPendingBit                    0x08000d87   Thumb Code    22  stm32f10x_dma.o(.text)
    EXTI_DeInit                              0x08000da5   Thumb Code    28  stm32f10x_exti.o(.text)
    EXTI_Init                                0x08000dc1   Thumb Code   142  stm32f10x_exti.o(.text)
    EXTI_StructInit                          0x08000e4f   Thumb Code    16  stm32f10x_exti.o(.text)
    EXTI_GenerateSWInterrupt                 0x08000e5f   Thumb Code    16  stm32f10x_exti.o(.text)
    EXTI_GetFlagStatus                       0x08000e6f   Thumb Code    22  stm32f10x_exti.o(.text)
    EXTI_ClearFlag                           0x08000e85   Thumb Code     8  stm32f10x_exti.o(.text)
    EXTI_GetITStatus                         0x08000e8d   Thumb Code    34  stm32f10x_exti.o(.text)
    EXTI_ClearITPendingBit                   0x08000eaf   Thumb Code     8  stm32f10x_exti.o(.text)
    SPI_I2S_DeInit                           0x08000ec1   Thumb Code    76  stm32f10x_spi.o(.text)
    SPI_Init                                 0x08000f0d   Thumb Code    60  stm32f10x_spi.o(.text)
    I2S_Init                                 0x08000f49   Thumb Code   226  stm32f10x_spi.o(.text)
    SPI_StructInit                           0x0800102b   Thumb Code    24  stm32f10x_spi.o(.text)
    I2S_StructInit                           0x08001043   Thumb Code    20  stm32f10x_spi.o(.text)
    SPI_Cmd                                  0x08001057   Thumb Code    24  stm32f10x_spi.o(.text)
    I2S_Cmd                                  0x0800106f   Thumb Code    24  stm32f10x_spi.o(.text)
    SPI_I2S_ITConfig                         0x08001087   Thumb Code    32  stm32f10x_spi.o(.text)
    SPI_I2S_DMACmd                           0x080010a7   Thumb Code    18  stm32f10x_spi.o(.text)
    SPI_I2S_SendData                         0x080010b9   Thumb Code     4  stm32f10x_spi.o(.text)
    SPI_I2S_ReceiveData                      0x080010bd   Thumb Code     6  stm32f10x_spi.o(.text)
    SPI_NSSInternalSoftwareConfig            0x080010c3   Thumb Code    30  stm32f10x_spi.o(.text)
    SPI_SSOutputCmd                          0x080010e1   Thumb Code    24  stm32f10x_spi.o(.text)
    SPI_DataSizeConfig                       0x080010f9   Thumb Code    18  stm32f10x_spi.o(.text)
    SPI_TransmitCRC                          0x0800110b   Thumb Code    10  stm32f10x_spi.o(.text)
    SPI_CalculateCRC                         0x08001115   Thumb Code    24  stm32f10x_spi.o(.text)
    SPI_GetCRC                               0x0800112d   Thumb Code    16  stm32f10x_spi.o(.text)
    SPI_GetCRCPolynomial                     0x0800113d   Thumb Code     6  stm32f10x_spi.o(.text)
    SPI_BiDirectionalLineConfig              0x08001143   Thumb Code    28  stm32f10x_spi.o(.text)
    SPI_I2S_GetFlagStatus                    0x0800115f   Thumb Code    18  stm32f10x_spi.o(.text)
    SPI_I2S_ClearFlag                        0x08001171   Thumb Code     6  stm32f10x_spi.o(.text)
    SPI_I2S_GetITStatus                      0x08001177   Thumb Code    52  stm32f10x_spi.o(.text)
    SPI_I2S_ClearITPendingBit                0x080011ab   Thumb Code    20  stm32f10x_spi.o(.text)
    TIM_DeInit                               0x080011cd   Thumb Code   424  stm32f10x_tim.o(.text)
    TIM_TimeBaseInit                         0x08001375   Thumb Code   122  stm32f10x_tim.o(.text)
    TIM_OC1Init                              0x080013ef   Thumb Code   132  stm32f10x_tim.o(.text)
    TIM_OC2Init                              0x08001473   Thumb Code   154  stm32f10x_tim.o(.text)
    TIM_OC3Init                              0x0800150d   Thumb Code   150  stm32f10x_tim.o(.text)
    TIM_OC4Init                              0x080015a3   Thumb Code   182  stm32f10x_tim.o(.text)
    TIM_SetIC4Prescaler                      0x08001659   Thumb Code    26  stm32f10x_tim.o(.text)
    TIM_SetIC3Prescaler                      0x080016f5   Thumb Code    18  stm32f10x_tim.o(.text)
    TIM_SetIC2Prescaler                      0x08001781   Thumb Code    26  stm32f10x_tim.o(.text)
    TIM_SetIC1Prescaler                      0x0800181d   Thumb Code    18  stm32f10x_tim.o(.text)
    TIM_ICInit                               0x0800189b   Thumb Code   150  stm32f10x_tim.o(.text)
    TIM_PWMIConfig                           0x08001931   Thumb Code   124  stm32f10x_tim.o(.text)
    TIM_BDTRConfig                           0x080019ad   Thumb Code    32  stm32f10x_tim.o(.text)
    TIM_TimeBaseStructInit                   0x080019cd   Thumb Code    18  stm32f10x_tim.o(.text)
    TIM_OCStructInit                         0x080019df   Thumb Code    20  stm32f10x_tim.o(.text)
    TIM_ICStructInit                         0x080019f3   Thumb Code    18  stm32f10x_tim.o(.text)
    TIM_BDTRStructInit                       0x08001a05   Thumb Code    40  stm32f10x_tim.o(.text)
    TIM_Cmd                                  0x08001a2d   Thumb Code    24  stm32f10x_tim.o(.text)
    TIM_CtrlPWMOutputs                       0x08001a45   Thumb Code    30  stm32f10x_tim.o(.text)
    TIM_ITConfig                             0x08001a63   Thumb Code    18  stm32f10x_tim.o(.text)
    TIM_GenerateEvent                        0x08001a75   Thumb Code     4  stm32f10x_tim.o(.text)
    TIM_DMAConfig                            0x08001a79   Thumb Code    10  stm32f10x_tim.o(.text)
    TIM_DMACmd                               0x08001a83   Thumb Code    18  stm32f10x_tim.o(.text)
    TIM_InternalClockConfig                  0x08001a95   Thumb Code    12  stm32f10x_tim.o(.text)
    TIM_SelectInputTrigger                   0x08001aa1   Thumb Code    18  stm32f10x_tim.o(.text)
    TIM_ITRxExternalClockConfig              0x08001ab3   Thumb Code    24  stm32f10x_tim.o(.text)
    TIM_TIxExternalClockConfig               0x08001acb   Thumb Code    62  stm32f10x_tim.o(.text)
    TIM_ETRConfig                            0x08001b09   Thumb Code    28  stm32f10x_tim.o(.text)
    TIM_ETRClockMode1Config                  0x08001b25   Thumb Code    54  stm32f10x_tim.o(.text)
    TIM_ETRClockMode2Config                  0x08001b5b   Thumb Code    32  stm32f10x_tim.o(.text)
    TIM_PrescalerConfig                      0x08001b7b   Thumb Code     6  stm32f10x_tim.o(.text)
    TIM_CounterModeConfig                    0x08001b81   Thumb Code    18  stm32f10x_tim.o(.text)
    TIM_EncoderInterfaceConfig               0x08001b93   Thumb Code    66  stm32f10x_tim.o(.text)
    TIM_ForcedOC1Config                      0x08001bd5   Thumb Code    18  stm32f10x_tim.o(.text)
    TIM_ForcedOC2Config                      0x08001be7   Thumb Code    26  stm32f10x_tim.o(.text)
    TIM_ForcedOC3Config                      0x08001c01   Thumb Code    18  stm32f10x_tim.o(.text)
    TIM_ForcedOC4Config                      0x08001c13   Thumb Code    26  stm32f10x_tim.o(.text)
    TIM_ARRPreloadConfig                     0x08001c2d   Thumb Code    24  stm32f10x_tim.o(.text)
    TIM_SelectCOM                            0x08001c45   Thumb Code    24  stm32f10x_tim.o(.text)
    TIM_SelectCCDMA                          0x08001c5d   Thumb Code    24  stm32f10x_tim.o(.text)
    TIM_CCPreloadControl                     0x08001c75   Thumb Code    24  stm32f10x_tim.o(.text)
    TIM_OC1PreloadConfig                     0x08001c8d   Thumb Code    18  stm32f10x_tim.o(.text)
    TIM_OC2PreloadConfig                     0x08001c9f   Thumb Code    26  stm32f10x_tim.o(.text)
    TIM_OC3PreloadConfig                     0x08001cb9   Thumb Code    18  stm32f10x_tim.o(.text)
    TIM_OC4PreloadConfig                     0x08001ccb   Thumb Code    26  stm32f10x_tim.o(.text)
    TIM_OC1FastConfig                        0x08001ce5   Thumb Code    18  stm32f10x_tim.o(.text)
    TIM_OC2FastConfig                        0x08001cf7   Thumb Code    26  stm32f10x_tim.o(.text)
    TIM_OC3FastConfig                        0x08001d11   Thumb Code    18  stm32f10x_tim.o(.text)
    TIM_OC4FastConfig                        0x08001d23   Thumb Code    26  stm32f10x_tim.o(.text)
    TIM_ClearOC1Ref                          0x08001d3d   Thumb Code    18  stm32f10x_tim.o(.text)
    TIM_ClearOC2Ref                          0x08001d4f   Thumb Code    24  stm32f10x_tim.o(.text)
    TIM_ClearOC3Ref                          0x08001d67   Thumb Code    18  stm32f10x_tim.o(.text)
    TIM_ClearOC4Ref                          0x08001d79   Thumb Code    24  stm32f10x_tim.o(.text)
    TIM_OC1PolarityConfig                    0x08001d91   Thumb Code    18  stm32f10x_tim.o(.text)
    TIM_OC1NPolarityConfig                   0x08001da3   Thumb Code    18  stm32f10x_tim.o(.text)
    TIM_OC2PolarityConfig                    0x08001db5   Thumb Code    26  stm32f10x_tim.o(.text)
    TIM_OC2NPolarityConfig                   0x08001dcf   Thumb Code    26  stm32f10x_tim.o(.text)
    TIM_OC3PolarityConfig                    0x08001de9   Thumb Code    26  stm32f10x_tim.o(.text)
    TIM_OC3NPolarityConfig                   0x08001e03   Thumb Code    26  stm32f10x_tim.o(.text)
    TIM_OC4PolarityConfig                    0x08001e1d   Thumb Code    26  stm32f10x_tim.o(.text)
    TIM_CCxCmd                               0x08001e37   Thumb Code    30  stm32f10x_tim.o(.text)
    TIM_CCxNCmd                              0x08001e55   Thumb Code    30  stm32f10x_tim.o(.text)
    TIM_SelectOCxM                           0x08001e73   Thumb Code    82  stm32f10x_tim.o(.text)
    TIM_UpdateDisableConfig                  0x08001ec5   Thumb Code    24  stm32f10x_tim.o(.text)
    TIM_UpdateRequestConfig                  0x08001edd   Thumb Code    24  stm32f10x_tim.o(.text)
    TIM_SelectHallSensor                     0x08001ef5   Thumb Code    24  stm32f10x_tim.o(.text)
    TIM_SelectOnePulseMode                   0x08001f0d   Thumb Code    18  stm32f10x_tim.o(.text)
    TIM_SelectOutputTrigger                  0x08001f1f   Thumb Code    18  stm32f10x_tim.o(.text)
    TIM_SelectSlaveMode                      0x08001f31   Thumb Code    18  stm32f10x_tim.o(.text)
    TIM_SelectMasterSlaveMode                0x08001f43   Thumb Code    18  stm32f10x_tim.o(.text)
    TIM_SetCounter                           0x08001f55   Thumb Code     4  stm32f10x_tim.o(.text)
    TIM_SetAutoreload                        0x08001f59   Thumb Code     4  stm32f10x_tim.o(.text)
    TIM_SetCompare1                          0x08001f5d   Thumb Code     4  stm32f10x_tim.o(.text)
    TIM_SetCompare2                          0x08001f61   Thumb Code     4  stm32f10x_tim.o(.text)
    TIM_SetCompare3                          0x08001f65   Thumb Code     4  stm32f10x_tim.o(.text)
    TIM_SetCompare4                          0x08001f69   Thumb Code     6  stm32f10x_tim.o(.text)
    TIM_SetClockDivision                     0x08001f6f   Thumb Code    18  stm32f10x_tim.o(.text)
    TIM_GetCapture1                          0x08001f81   Thumb Code     6  stm32f10x_tim.o(.text)
    TIM_GetCapture2                          0x08001f87   Thumb Code     6  stm32f10x_tim.o(.text)
    TIM_GetCapture3                          0x08001f8d   Thumb Code     6  stm32f10x_tim.o(.text)
    TIM_GetCapture4                          0x08001f93   Thumb Code     8  stm32f10x_tim.o(.text)
    TIM_GetCounter                           0x08001f9b   Thumb Code     6  stm32f10x_tim.o(.text)
    TIM_GetPrescaler                         0x08001fa1   Thumb Code     6  stm32f10x_tim.o(.text)
    TIM_GetFlagStatus                        0x08001fa7   Thumb Code    18  stm32f10x_tim.o(.text)
    TIM_ClearFlag                            0x08001fb9   Thumb Code     6  stm32f10x_tim.o(.text)
    TIM_GetITStatus                          0x08001fbf   Thumb Code    34  stm32f10x_tim.o(.text)
    TIM_ClearITPendingBit                    0x08001fe1   Thumb Code     6  stm32f10x_tim.o(.text)
    USART_DeInit                             0x08001fe9   Thumb Code   134  stm32f10x_usart.o(.text)
    USART_Init                               0x0800206f   Thumb Code   210  stm32f10x_usart.o(.text)
    USART_StructInit                         0x08002141   Thumb Code    24  stm32f10x_usart.o(.text)
    USART_ClockInit                          0x08002159   Thumb Code    34  stm32f10x_usart.o(.text)
    USART_ClockStructInit                    0x0800217b   Thumb Code    12  stm32f10x_usart.o(.text)
    USART_Cmd                                0x08002187   Thumb Code    24  stm32f10x_usart.o(.text)
    USART_ITConfig                           0x0800219f   Thumb Code    74  stm32f10x_usart.o(.text)
    USART_DMACmd                             0x080021e9   Thumb Code    18  stm32f10x_usart.o(.text)
    USART_SetAddress                         0x080021fb   Thumb Code    18  stm32f10x_usart.o(.text)
    USART_WakeUpConfig                       0x0800220d   Thumb Code    18  stm32f10x_usart.o(.text)
    USART_ReceiverWakeUpCmd                  0x0800221f   Thumb Code    24  stm32f10x_usart.o(.text)
    USART_LINBreakDetectLengthConfig         0x08002237   Thumb Code    18  stm32f10x_usart.o(.text)
    USART_LINCmd                             0x08002249   Thumb Code    24  stm32f10x_usart.o(.text)
    USART_SendData                           0x08002261   Thumb Code     8  stm32f10x_usart.o(.text)
    USART_ReceiveData                        0x08002269   Thumb Code    10  stm32f10x_usart.o(.text)
    USART_SendBreak                          0x08002273   Thumb Code    10  stm32f10x_usart.o(.text)
    USART_SetGuardTime                       0x0800227d   Thumb Code    16  stm32f10x_usart.o(.text)
    USART_SetPrescaler                       0x0800228d   Thumb Code    16  stm32f10x_usart.o(.text)
    USART_SmartCardCmd                       0x0800229d   Thumb Code    24  stm32f10x_usart.o(.text)
    USART_SmartCardNACKCmd                   0x080022b5   Thumb Code    24  stm32f10x_usart.o(.text)
    USART_HalfDuplexCmd                      0x080022cd   Thumb Code    24  stm32f10x_usart.o(.text)
    USART_OverSampling8Cmd                   0x080022e5   Thumb Code    22  stm32f10x_usart.o(.text)
    USART_OneBitMethodCmd                    0x080022fb   Thumb Code    24  stm32f10x_usart.o(.text)
    USART_IrDAConfig                         0x08002313   Thumb Code    18  stm32f10x_usart.o(.text)
    USART_IrDACmd                            0x08002325   Thumb Code    24  stm32f10x_usart.o(.text)
    USART_GetFlagStatus                      0x0800233d   Thumb Code    26  stm32f10x_usart.o(.text)
    USART_ClearFlag                          0x08002357   Thumb Code    18  stm32f10x_usart.o(.text)
    USART_GetITStatus                        0x08002369   Thumb Code    84  stm32f10x_usart.o(.text)
    USART_ClearITPendingBit                  0x080023bd   Thumb Code    52  stm32f10x_usart.o(.text)
    Reset_Handler                            0x080023f1   Thumb Code     8  startup_stm32f10x_hd.o(.text)
    ADC1_2_IRQHandler                        0x0800240b   Thumb Code     0  startup_stm32f10x_hd.o(.text)
    ADC3_IRQHandler                          0x0800240b   Thumb Code     0  startup_stm32f10x_hd.o(.text)
    CAN1_RX1_IRQHandler                      0x0800240b   Thumb Code     0  startup_stm32f10x_hd.o(.text)
    CAN1_SCE_IRQHandler                      0x0800240b   Thumb Code     0  startup_stm32f10x_hd.o(.text)
    DMA1_Channel1_IRQHandler                 0x0800240b   Thumb Code     0  startup_stm32f10x_hd.o(.text)
    DMA1_Channel2_IRQHandler                 0x0800240b   Thumb Code     0  startup_stm32f10x_hd.o(.text)
    DMA1_Channel3_IRQHandler                 0x0800240b   Thumb Code     0  startup_stm32f10x_hd.o(.text)
    DMA1_Channel4_IRQHandler                 0x0800240b   Thumb Code     0  startup_stm32f10x_hd.o(.text)
    DMA1_Channel6_IRQHandler                 0x0800240b   Thumb Code     0  startup_stm32f10x_hd.o(.text)
    DMA1_Channel7_IRQHandler                 0x0800240b   Thumb Code     0  startup_stm32f10x_hd.o(.text)
    DMA2_Channel1_IRQHandler                 0x0800240b   Thumb Code     0  startup_stm32f10x_hd.o(.text)
    DMA2_Channel2_IRQHandler                 0x0800240b   Thumb Code     0  startup_stm32f10x_hd.o(.text)
    DMA2_Channel3_IRQHandler                 0x0800240b   Thumb Code     0  startup_stm32f10x_hd.o(.text)
    DMA2_Channel4_5_IRQHandler               0x0800240b   Thumb Code     0  startup_stm32f10x_hd.o(.text)
    EXTI0_IRQHandler                         0x0800240b   Thumb Code     0  startup_stm32f10x_hd.o(.text)
    EXTI1_IRQHandler                         0x0800240b   Thumb Code     0  startup_stm32f10x_hd.o(.text)
    EXTI2_IRQHandler                         0x0800240b   Thumb Code     0  startup_stm32f10x_hd.o(.text)
    EXTI3_IRQHandler                         0x0800240b   Thumb Code     0  startup_stm32f10x_hd.o(.text)
    EXTI4_IRQHandler                         0x0800240b   Thumb Code     0  startup_stm32f10x_hd.o(.text)
    FLASH_IRQHandler                         0x0800240b   Thumb Code     0  startup_stm32f10x_hd.o(.text)
    FSMC_IRQHandler                          0x0800240b   Thumb Code     0  startup_stm32f10x_hd.o(.text)
    I2C1_ER_IRQHandler                       0x0800240b   Thumb Code     0  startup_stm32f10x_hd.o(.text)
    I2C1_EV_IRQHandler                       0x0800240b   Thumb Code     0  startup_stm32f10x_hd.o(.text)
    I2C2_ER_IRQHandler                       0x0800240b   Thumb Code     0  startup_stm32f10x_hd.o(.text)
    I2C2_EV_IRQHandler                       0x0800240b   Thumb Code     0  startup_stm32f10x_hd.o(.text)
    PVD_IRQHandler                           0x0800240b   Thumb Code     0  startup_stm32f10x_hd.o(.text)
    RCC_IRQHandler                           0x0800240b   Thumb Code     0  startup_stm32f10x_hd.o(.text)
    RTCAlarm_IRQHandler                      0x0800240b   Thumb Code     0  startup_stm32f10x_hd.o(.text)
    RTC_IRQHandler                           0x0800240b   Thumb Code     0  startup_stm32f10x_hd.o(.text)
    SDIO_IRQHandler                          0x0800240b   Thumb Code     0  startup_stm32f10x_hd.o(.text)
    SPI1_IRQHandler                          0x0800240b   Thumb Code     0  startup_stm32f10x_hd.o(.text)
    SPI2_IRQHandler                          0x0800240b   Thumb Code     0  startup_stm32f10x_hd.o(.text)
    SPI3_IRQHandler                          0x0800240b   Thumb Code     0  startup_stm32f10x_hd.o(.text)
    TAMPER_IRQHandler                        0x0800240b   Thumb Code     0  startup_stm32f10x_hd.o(.text)
    TIM1_BRK_IRQHandler                      0x0800240b   Thumb Code     0  startup_stm32f10x_hd.o(.text)
    TIM1_CC_IRQHandler                       0x0800240b   Thumb Code     0  startup_stm32f10x_hd.o(.text)
    TIM1_TRG_COM_IRQHandler                  0x0800240b   Thumb Code     0  startup_stm32f10x_hd.o(.text)
    TIM1_UP_IRQHandler                       0x0800240b   Thumb Code     0  startup_stm32f10x_hd.o(.text)
    TIM2_IRQHandler                          0x0800240b   Thumb Code     0  startup_stm32f10x_hd.o(.text)
    TIM3_IRQHandler                          0x0800240b   Thumb Code     0  startup_stm32f10x_hd.o(.text)
    TIM4_IRQHandler                          0x0800240b   Thumb Code     0  startup_stm32f10x_hd.o(.text)
    TIM5_IRQHandler                          0x0800240b   Thumb Code     0  startup_stm32f10x_hd.o(.text)
    TIM6_IRQHandler                          0x0800240b   Thumb Code     0  startup_stm32f10x_hd.o(.text)
    TIM7_IRQHandler                          0x0800240b   Thumb Code     0  startup_stm32f10x_hd.o(.text)
    TIM8_BRK_IRQHandler                      0x0800240b   Thumb Code     0  startup_stm32f10x_hd.o(.text)
    TIM8_CC_IRQHandler                       0x0800240b   Thumb Code     0  startup_stm32f10x_hd.o(.text)
    TIM8_TRG_COM_IRQHandler                  0x0800240b   Thumb Code     0  startup_stm32f10x_hd.o(.text)
    TIM8_UP_IRQHandler                       0x0800240b   Thumb Code     0  startup_stm32f10x_hd.o(.text)
    UART4_IRQHandler                         0x0800240b   Thumb Code     0  startup_stm32f10x_hd.o(.text)
    UART5_IRQHandler                         0x0800240b   Thumb Code     0  startup_stm32f10x_hd.o(.text)
    USART2_IRQHandler                        0x0800240b   Thumb Code     0  startup_stm32f10x_hd.o(.text)
    USART3_IRQHandler                        0x0800240b   Thumb Code     0  startup_stm32f10x_hd.o(.text)
    USBWakeUp_IRQHandler                     0x0800240b   Thumb Code     0  startup_stm32f10x_hd.o(.text)
    USB_HP_CAN1_TX_IRQHandler                0x0800240b   Thumb Code     0  startup_stm32f10x_hd.o(.text)
    USB_LP_CAN1_RX0_IRQHandler               0x0800240b   Thumb Code     0  startup_stm32f10x_hd.o(.text)
    WWDG_IRQHandler                          0x0800240b   Thumb Code     0  startup_stm32f10x_hd.o(.text)
    OS_StrCopy                               0x08002415   Thumb Code    28  os_core.o(.text)
    OSEventNameGet                           0x08002431   Thumb Code   100  os_core.o(.text)
    OS_StrLen                                0x08002495   Thumb Code    20  os_core.o(.text)
    OSEventNameSet                           0x080024a9   Thumb Code   120  os_core.o(.text)
    OS_TaskIdle                              0x08002521   Thumb Code    32  os_core.o(.text)
    OS_MemClr                                0x08002575   Thumb Code    18  os_core.o(.text)
    OSInit                                   0x08002671   Thumb Code    32  os_core.o(.text)
    OSIntEnter                               0x08002691   Thumb Code    28  os_core.o(.text)
    OSIntExit                                0x080026c7   Thumb Code   112  os_core.o(.text)
    OSStart                                  0x08002737   Thumb Code    48  os_core.o(.text)
    OSTimeTick                               0x08002767   Thumb Code   158  os_core.o(.text)
    OSVersion                                0x08002805   Thumb Code     6  os_core.o(.text)
    OS_Dummy                                 0x0800280b   Thumb Code     2  os_core.o(.text)
    OS_EventTaskRemove                       0x0800280d   Thumb Code   148  os_core.o(.text)
    OS_EventTaskRdy                          0x080028a1   Thumb Code   114  os_core.o(.text)
    OS_EventTaskWait                         0x08002913   Thumb Code   112  os_core.o(.text)
    OS_EventWaitListInit                     0x08002983   Thumb Code    28  os_core.o(.text)
    OS_MemCopy                               0x0800299f   Thumb Code    20  os_core.o(.text)
    OS_Sched                                 0x080029b3   Thumb Code    86  os_core.o(.text)
    OS_TCBInit                               0x08002a09   Thumb Code   258  os_core.o(.text)
    OSSemAccept                              0x08002b45   Thumb Code    44  os_sem.o(.text)
    OSSemCreate                              0x08002b71   Thumb Code    78  os_sem.o(.text)
    OSSemDel                                 0x08002bbf   Thumb Code   220  os_sem.o(.text)
    OSSemPend                                0x08002c9b   Thumb Code   228  os_sem.o(.text)
    OSSemPendAbort                           0x08002d7f   Thumb Code   128  os_sem.o(.text)
    OSSemPost                                0x08002dff   Thumb Code    88  os_sem.o(.text)
    OSSemQuery                               0x08002e57   Thumb Code    82  os_sem.o(.text)
    OSSemSet                                 0x08002ea9   Thumb Code    68  os_sem.o(.text)
    OSTaskCreate                             0x08002efd   Thumb Code   150  os_task.o(.text)
    OSTaskCreateExt                          0x08002f93   Thumb Code   162  os_task.o(.text)
    OSTaskDel                                0x08003035   Thumb Code   292  os_task.o(.text)
    OSTaskDelReq                             0x08003159   Thumb Code   100  os_task.o(.text)
    OSTaskNameGet                            0x080031bd   Thumb Code   116  os_task.o(.text)
    OSTaskNameSet                            0x08003231   Thumb Code   132  os_task.o(.text)
    OSTaskResume                             0x080032b5   Thumb Code   202  os_task.o(.text)
    OSTaskSuspend                            0x0800337f   Thumb Code   152  os_task.o(.text)
    OSTimeDly                                0x0800342d   Thumb Code    96  os_time.o(.text)
    OSTimeDlyHMSM                            0x0800348d   Thumb Code   110  os_time.o(.text)
    OSTimeDlyResume                          0x080034fb   Thumb Code   168  os_time.o(.text)
    OSTimeGet                                0x080035a3   Thumb Code    24  os_time.o(.text)
    OSTimeSet                                0x080035bb   Thumb Code    24  os_time.o(.text)
    OSInitHookBegin                          0x080035ed   Thumb Code     2  os_cpu_c.o(.text)
    OSInitHookEnd                            0x080035ef   Thumb Code     2  os_cpu_c.o(.text)
    OSTaskCreateHook                         0x080035f1   Thumb Code     2  os_cpu_c.o(.text)
    OSTaskDelHook                            0x080035f3   Thumb Code     2  os_cpu_c.o(.text)
    OSTaskIdleHook                           0x080035f5   Thumb Code     2  os_cpu_c.o(.text)
    OSTaskStatHook                           0x080035f7   Thumb Code     2  os_cpu_c.o(.text)
    OSTaskStkInit                            0x080035f9   Thumb Code   154  os_cpu_c.o(.text)
    OSTaskSwHook                             0x08003693   Thumb Code     2  os_cpu_c.o(.text)
    OSTCBInitHook                            0x08003695   Thumb Code     2  os_cpu_c.o(.text)
    OSTimeTickHook                           0x08003697   Thumb Code     2  os_cpu_c.o(.text)
    OS_CPU_SR_Save                           0x08003699   Thumb Code     0  os_cpu_a.o(.text)
    OS_CPU_SR_Restore                        0x080036a1   Thumb Code     0  os_cpu_a.o(.text)
    OSStartHighRdy                           0x080036a7   Thumb Code     0  os_cpu_a.o(.text)
    OSCtxSw                                  0x080036c7   Thumb Code     0  os_cpu_a.o(.text)
    OSIntCtxSw                               0x080036d1   Thumb Code     0  os_cpu_a.o(.text)
    OS_CPU_PendSVHandler                     0x080036db   Thumb Code     0  os_cpu_a.o(.text)
    LED_Init                                 0x0800373d   Thumb Code   170  led.o(.text)
    LED_Set                                  0x080037e7   Thumb Code   142  led.o(.text)
    LEDTrg                                   0x08003875   Thumb Code   174  led.o(.text)
    Motor_PwmRflash                          0x08003935   Thumb Code    82  motor.o(.text)
    Tim2_init                                0x08003987   Thumb Code   174  motor.o(.text)
    Motor_Init                               0x08003a35   Thumb Code    42  motor.o(.text)
    NRF24L01_PortInit                        0x08003a71   Thumb Code    82  nrf24l01.o(.text)
    NRF24L01_Write_Reg                       0x08003ac3   Thumb Code    40  nrf24l01.o(.text)
    NRF24L01_Read_Reg                        0x08003aeb   Thumb Code    38  nrf24l01.o(.text)
    NRF24L01_Write_Buf                       0x08003b11   Thumb Code    58  nrf24l01.o(.text)
    NRF24L01_Read_Buf                        0x08003b4b   Thumb Code    60  nrf24l01.o(.text)
    NRF24L01_TxPacket                        0x08003b87   Thumb Code    38  nrf24l01.o(.text)
    NRF24L01_TxPacket_AP                     0x08003bad   Thumb Code    38  nrf24l01.o(.text)
    NRF24L01_RxPacket                        0x08003bd3   Thumb Code    52  nrf24l01.o(.text)
    NRF24L01_Check                           0x08003c07   Thumb Code    62  nrf24l01.o(.text)
    NRF24L01_Init                            0x08003c45   Thumb Code   354  nrf24l01.o(.text)
    NRF24L01_Tx                              0x08003da7   Thumb Code    32  nrf24l01.o(.text)
    NRF24L01_Rx                              0x08003dc7   Thumb Code    60  nrf24l01.o(.text)
    SPI1_Init                                0x08003e11   Thumb Code   144  spi.o(.text)
    SPI1_SetSpeed                            0x08003ea1   Thumb Code   166  spi.o(.text)
    SPI1_ReadWriteByte                       0x08003f47   Thumb Code    78  spi.o(.text)
    EXTI_PA11_24L01_Init                     0x08003f9d   Thumb Code   116  exti.o(.text)
    EXTI15_10_IRQHandler                     0x08004011   Thumb Code    20  exti.o(.text)
    EXTI9_5_IRQHandler                       0x08004025   Thumb Code    30  exti.o(.text)
    USART1_NVIC_Configuration                0x08004051   Thumb Code    34  usart.o(.text)
    DMA1CH5_NVIC_Configuration               0x08004073   Thumb Code    34  usart.o(.text)
    USART1_Config                            0x08004095   Thumb Code   136  usart.o(.text)
    USART1_DMAConfig                         0x0800411d   Thumb Code    98  usart.o(.text)
    USART1_SendData                          0x0800417f   Thumb Code    28  usart.o(.text)
    USART1_SendStr                           0x0800419b   Thumb Code    28  usart.o(.text)
    USART1_Senddugstr                        0x080041b7   Thumb Code    22  usart.o(.text)
    USART1_IRQHandler                        0x080041cd   Thumb Code    36  usart.o(.text)
    delay                                    0x080041f1   Thumb Code    12  usart.o(.text)
    DMA1_Channel5_IRQHandler                 0x080041fd   Thumb Code     2  usart.o(.text)
    USART1_EnableRevDMA                      0x080041ff   Thumb Code    28  usart.o(.text)
    fputc                                    0x0800421b   Thumb Code    32  usart.o(.text)
    EXTI_PB5_MPU9250_Init                    0x0800424d   Thumb Code   104  mpu9250.o(.text)
    MPU9250_Init                             0x080042b5   Thumb Code    86  mpu9250.o(.text)
    MPU9250_SelfTest                         0x0800430b   Thumb Code    34  mpu9250.o(.text)
    MPU9250_Read                             0x0800432d   Thumb Code   112  mpu9250.o(.text)
    delay_us                                 0x080043a9   Thumb Code    18  i2c.o(.text)
    I2C_GPIO_Config                          0x080043d1   Thumb Code    72  i2c.o(.text)
    IIC1_WriteByte                           0x080046fb   Thumb Code    56  i2c.o(.text)
    IIC1_ReadByte                            0x08004733   Thumb Code    58  i2c.o(.text)
    IIC1_MultRead                            0x0800476d   Thumb Code   112  i2c.o(.text)
    IIC1_MultWrite                           0x080047dd   Thumb Code    88  i2c.o(.text)
    My_I2C_Init                              0x08004835   Thumb Code    12  i2c.o(.text)
    Delay                                    0x0800488b   Thumb Code    18  app_task.o(.text)
    hardware_init                            0x0800489d   Thumb Code   360  app_task.o(.text)
    Task_LEDState                            0x08004a05   Thumb Code   352  app_task.o(.text)
    motor_task                               0x08004b65   Thumb Code    72  app_task.o(.text)
    RC_task                                  0x08004bad   Thumb Code   274  app_task.o(.text)
    Task_AttitudeProcess                     0x08004cbf   Thumb Code   100  app_task.o(.text)
    startup_task                             0x08004d23   Thumb Code   126  app_task.o(.text)
    RCDataProcess                            0x08004dcd   Thumb Code   342  rc.o(.text)
    RC_Dug_pkg                               0x08004f23   Thumb Code    34  rc.o(.text)
    RC_Handle                                0x08004f45   Thumb Code   646  rc.o(.text)
    Euler_to_Quar                            0x080051cd   Thumb Code   306  quaternion.o(.text)
    Quar_to_Euler                            0x080052ff   Thumb Code   448  quaternion.o(.text)
    Quaternion_rotation_matrix               0x080054bf   Thumb Code   344  quaternion.o(.text)
    UpdateFlightMode                         0x08005625   Thumb Code    92  dataprocess.o(.text)
    FlyModeProcess                           0x08005681   Thumb Code   220  dataprocess.o(.text)
    ThrottleModeProcess                      0x0800575d   Thumb Code   108  dataprocess.o(.text)
    AttDataProcess                           0x080057c9   Thumb Code     8  dataprocess.o(.text)
    Reset_Takeoff_Detector                   0x080057d1   Thumb Code     8  dataprocess.o(.text)
    PID_Para_Init                            0x0800580d   Thumb Code    74  control.o(.text)
    constrain_int16                          0x08005857   Thumb Code    22  control.o(.text)
    LP_Filter                                0x0800586d   Thumb Code    50  control.o(.text)
    Roll_Rate_Controller                     0x0800589f   Thumb Code   268  control.o(.text)
    Pitch_Rate_Controller                    0x080059ab   Thumb Code   220  control.o(.text)
    SafeDeal                                 0x08005a87   Thumb Code   114  control.o(.text)
    CONTROL                                  0x08005af9   Thumb Code  1096  control.o(.text)
    MPUGyroZeroCal                           0x08005f79   Thumb Code   316  ahrs.o(.text)
    MPUAccZeroCal_GravityMeasure             0x080060b5   Thumb Code   288  ahrs.o(.text)
    IMU_update                               0x080061d5   Thumb Code   934  ahrs.o(.text)
    AHRS_SpeedUpdate                         0x0800657b   Thumb Code   228  ahrs.o(.text)
    AHRS_Attitude                            0x0800665f   Thumb Code  1072  ahrs.o(.text)
    AHRS_AltitudeVel                         0x08006a8f   Thumb Code   146  ahrs.o(.text)
    RCdat_T_Angle                            0x08006b95   Thumb Code    60  attitude.o(.text)
    Comput_Ctr_Yaw                           0x08006bd1   Thumb Code   376  attitude.o(.text)
    Dug_Pkg_2401_Hunter                      0x08006d71   Thumb Code    48  debug.o(.text)
    SendDebugDat_SSCOM32                     0x08006da1   Thumb Code   688  debug.o(.text)
    SendDebugDat_Hunter                      0x08007051   Thumb Code    72  debug.o(.text)
    PIDDebugData                             0x08007099   Thumb Code   742  debug.o(.text)
    Dug_PIDPkg_to_Flyreg                     0x0800737f   Thumb Code    46  debug.o(.text)
    Dug_Pkg_PIDPar_Handle                    0x080073ad   Thumb Code   130  debug.o(.text)
    __aeabi_memcpy                           0x08007479   Thumb Code    36  memcpya.o(.text)
    __aeabi_memcpy4                          0x08007479   Thumb Code     0  memcpya.o(.text)
    __aeabi_memcpy8                          0x08007479   Thumb Code     0  memcpya.o(.text)
    __aeabi_fadd                             0x0800749d   Thumb Code   164  fadd.o(.text)
    __aeabi_fsub                             0x08007541   Thumb Code     6  fadd.o(.text)
    __aeabi_frsub                            0x08007547   Thumb Code     6  fadd.o(.text)
    __aeabi_fmul                             0x0800754d   Thumb Code   100  fmul.o(.text)
    __aeabi_fdiv                             0x080075b1   Thumb Code   124  fdiv.o(.text)
    __aeabi_dadd                             0x0800762d   Thumb Code   322  dadd.o(.text)
    __aeabi_dsub                             0x0800776f   Thumb Code     6  dadd.o(.text)
    __aeabi_drsub                            0x08007775   Thumb Code     6  dadd.o(.text)
    __aeabi_dmul                             0x0800777b   Thumb Code   228  dmul.o(.text)
    __aeabi_ddiv                             0x0800785f   Thumb Code   222  ddiv.o(.text)
    __aeabi_i2f                              0x0800793d   Thumb Code    18  fflti.o(.text)
    __aeabi_i2d                              0x0800794f   Thumb Code    34  dflti.o(.text)
    __aeabi_ui2d                             0x08007971   Thumb Code    26  dfltui.o(.text)
    __aeabi_f2iz                             0x0800798b   Thumb Code    50  ffixi.o(.text)
    __aeabi_d2iz                             0x080079bd   Thumb Code    62  dfixi.o(.text)
    __aeabi_f2d                              0x080079fb   Thumb Code    38  f2d.o(.text)
    __aeabi_d2f                              0x08007a21   Thumb Code    56  d2f.o(.text)
    __aeabi_cfcmpeq                          0x08007a59   Thumb Code     0  cfcmple.o(.text)
    __aeabi_cfcmple                          0x08007a59   Thumb Code    20  cfcmple.o(.text)
    __aeabi_cfrcmple                         0x08007a6d   Thumb Code    20  cfrcmple.o(.text)
    __aeabi_llsl                             0x08007a81   Thumb Code    30  llshl.o(.text)
    _ll_shift_l                              0x08007a81   Thumb Code     0  llshl.o(.text)
    __aeabi_llsr                             0x08007a9f   Thumb Code    32  llushr.o(.text)
    _ll_ushift_r                             0x08007a9f   Thumb Code     0  llushr.o(.text)
    __aeabi_lasr                             0x08007abf   Thumb Code    36  llsshr.o(.text)
    _ll_sshift_r                             0x08007abf   Thumb Code     0  llsshr.o(.text)
    __I$use$fp                               0x08007ae3   Thumb Code     0  iusefp.o(.text)
    _float_round                             0x08007ae3   Thumb Code    18  fepilogue.o(.text)
    _float_epilogue                          0x08007af5   Thumb Code    92  fepilogue.o(.text)
    _frnd                                    0x08007b51   Thumb Code    60  frnd.o(.text)
    _double_round                            0x08007b8d   Thumb Code    30  depilogue.o(.text)
    _double_epilogue                         0x08007bab   Thumb Code   156  depilogue.o(.text)
    __ARM_scalbn                             0x08007c47   Thumb Code    46  dscalb.o(.text)
    scalbn                                   0x08007c47   Thumb Code     0  dscalb.o(.text)
    _dsqrt                                   0x08007c75   Thumb Code   162  dsqrt.o(.text)
    __scatterload                            0x08007d19   Thumb Code    28  init.o(.text)
    __scatterload_rt2                        0x08007d19   Thumb Code     0  init.o(.text)
    __ARM_scalbnf                            0x08007d3d   Thumb Code    24  fscalb.o(.text)
    scalbnf                                  0x08007d3d   Thumb Code     0  fscalb.o(.text)
    __aeabi_ui2f                             0x08007d55   Thumb Code    10  ffltui.o(.text)
    __decompress                             0x08007d5f   Thumb Code     0  __dczerorl2.o(.text)
    __decompress1                            0x08007d5f   Thumb Code    86  __dczerorl2.o(.text)
    __0printf$bare                           0x08007db5   Thumb Code     8  printfb.o(i.__0printf$bare)
    __1printf$bare                           0x08007db5   Thumb Code     0  printfb.o(i.__0printf$bare)
    __2printf                                0x08007db5   Thumb Code     0  printfb.o(i.__0printf$bare)
    __ARM_fpclassify                         0x08007dc5   Thumb Code    40  fpclassify.o(i.__ARM_fpclassify)
    __ARM_fpclassifyf                        0x08007ded   Thumb Code    38  fpclassifyf.o(i.__ARM_fpclassifyf)
    __kernel_poly                            0x08007e13   Thumb Code   170  poly.o(i.__kernel_poly)
    __mathlib_dbl_infnan                     0x08007ebd   Thumb Code     6  dunder.o(i.__mathlib_dbl_infnan)
    __mathlib_dbl_infnan2                    0x08007ec3   Thumb Code     4  dunder.o(i.__mathlib_dbl_infnan2)
    __mathlib_dbl_invalid                    0x08007ec7   Thumb Code    12  dunder.o(i.__mathlib_dbl_invalid)
    __mathlib_dbl_underflow                  0x08007ed5   Thumb Code    10  dunder.o(i.__mathlib_dbl_underflow)
    __mathlib_flt_infnan                     0x08007ee5   Thumb Code     6  funder.o(i.__mathlib_flt_infnan)
    __mathlib_flt_invalid                    0x08007eeb   Thumb Code     8  funder.o(i.__mathlib_flt_invalid)
    __mathlib_flt_underflow                  0x08007ef3   Thumb Code    10  funder.o(i.__mathlib_flt_underflow)
    __mathlib_rredf2                         0x08007efd   Thumb Code   344  rredf.o(i.__mathlib_rredf2)
    __scatterload_copy                       0x08008065   Thumb Code    14  handlers.o(i.__scatterload_copy)
    __scatterload_null                       0x08008073   Thumb Code     2  handlers.o(i.__scatterload_null)
    __scatterload_zeroinit                   0x08008075   Thumb Code    14  handlers.o(i.__scatterload_zeroinit)
    __set_errno                              0x08008085   Thumb Code     6  errno.o(i.__set_errno)
    asin                                     0x080080b5   Thumb Code   572  asin.o(i.asin)
    atan                                     0x08008325   Thumb Code   474  atan.o(i.atan)
    atan2                                    0x08008545   Thumb Code   346  atan2.o(i.atan2)
    cosf                                     0x080086c5   Thumb Code   328  cosf.o(i.cosf)
    sinf                                     0x08008841   Thumb Code   338  sinf.o(i.sinf)
    sqrt                                     0x080089c9   Thumb Code    76  sqrt.o(i.sqrt)
    OSUnMapTbl                               0x08008a14   Data         256  os_core.o(.constdata)
    __mathlib_zero                           0x08008c00   Data           8  qnan.o(.constdata)
    Region$$Table$$Base                      0x08008c28   Number         0  anon$$obj.o(Region$$Table)
    Region$$Table$$Limit                     0x08008c48   Number         0  anon$$obj.o(Region$$Table)
    SystemCoreClock                          0x20000000   Data           4  system_stm32f10x.o(.data)
    AHBPrescTable                            0x20000004   Data          16  system_stm32f10x.o(.data)
    OSCtxSwCtr                               0x20000028   Data           4  os_core.o(.data)
    OSEventFreeList                          0x2000002c   Data           4  os_core.o(.data)
    OSIntNesting                             0x20000030   Data           1  os_core.o(.data)
    OSLockNesting                            0x20000031   Data           1  os_core.o(.data)
    OSPrioCur                                0x20000032   Data           1  os_core.o(.data)
    OSPrioHighRdy                            0x20000033   Data           1  os_core.o(.data)
    OSRdyGrp                                 0x20000034   Data           1  os_core.o(.data)
    OSRdyTbl                                 0x20000035   Data           4  os_core.o(.data)
    OSRunning                                0x20000039   Data           1  os_core.o(.data)
    OSTaskCtr                                0x2000003a   Data           1  os_core.o(.data)
    OSIdleCtr                                0x2000003c   Data           4  os_core.o(.data)
    OSTCBCur                                 0x20000040   Data           4  os_core.o(.data)
    OSTCBFreeList                            0x20000044   Data           4  os_core.o(.data)
    OSTCBHighRdy                             0x20000048   Data           4  os_core.o(.data)
    OSTCBList                                0x2000004c   Data           4  os_core.o(.data)
    OSTime                                   0x20000050   Data           4  os_core.o(.data)
    TX_ADDRESS                               0x20000054   Data           5  nrf24l01.o(.data)
    RX_ADDRESS                               0x20000059   Data           5  nrf24l01.o(.data)
    g_Printcnt                               0x20000060   Data           1  app_task.o(.data)
    g_DataDealOK                             0x20000061   Data           1  app_task.o(.data)
    msg_nrf                                  0x20000064   Data           4  app_task.o(.data)
    g_Msgsem_rawdatrdy                       0x20000068   Data           4  app_task.o(.data)
    g_Msgsem_ctl_att                         0x2000006c   Data           4  app_task.o(.data)
    Reg                                      0x20000074   Data           4  rc.o(.data)
    Rc_Data                                  0x20000078   Data          12  rc.o(.data)
    Rc_DataLast                              0x20000084   Data          12  rc.o(.data)
    Rc_Orign                                 0x20000090   Data          12  rc.o(.data)
    Quat                                     0x2000009c   Data          16  quaternion.o(.data)
    FlightMode                               0x200000ac   Data           1  dataprocess.o(.data)
    FlyTask                                  0x200000ad   Data           1  dataprocess.o(.data)
    ThrottleMode                             0x200000ae   Data           1  dataprocess.o(.data)
    VehicleBalComp                           0x200000af   Data           1  dataprocess.o(.data)
    temp_roll_view                           0x200000b0   Data           4  dataprocess.o(.data)
    Control_proc_thro                        0x200000b4   Data           2  dataprocess.o(.data)
    Control_auto_thro                        0x200000b6   Data           2  dataprocess.o(.data)
    Control_targer_altacc                    0x200000b8   Data           4  dataprocess.o(.data)
    g_altacc_controller_active               0x200000bc   Data           1  dataprocess.o(.data)
    g_takeoff                                0x200000bd   Data           1  dataprocess.o(.data)
    g_takeoff_finish                         0x200000be   Data           1  dataprocess.o(.data)
    g_land                                   0x200000bf   Data           1  dataprocess.o(.data)
    g_land_finish                            0x200000c0   Data           1  dataprocess.o(.data)
    g_land_detector                          0x200000c1   Data           1  dataprocess.o(.data)
    g_takeoff_2sdelay                        0x200000c2   Data           1  dataprocess.o(.data)
    v_yaw_err                                0x200000c4   Data           4  dataprocess.o(.data)
    Unlock                                   0x200000c8   Data           1  control.o(.data)
    Target_rate_roll                         0x200000cc   Data           4  control.o(.data)
    Target_rate_pitch                        0x200000d0   Data           4  control.o(.data)
    P_SONAR_ALT                              0x200000d4   Data           8  control.o(.data)
    P_ROOT_ALT                               0x200000dc   Data           8  control.o(.data)
    P_RATE_ALT                               0x200000e4   Data           8  control.o(.data)
    P_RATEFILT_ALT                           0x200000ec   Data           8  control.o(.data)
    rol_i                                    0x200000f4   Data           4  control.o(.data)
    pit_i                                    0x200000f8   Data           4  control.o(.data)
    yaw_i                                    0x200000fc   Data           4  control.o(.data)
    v_tar_rate                               0x20000100   Data           2  control.o(.data)
    v_rate_error                             0x20000102   Data           2  control.o(.data)
    v_dout                                   0x20000104   Data           2  control.o(.data)
    v_pout                                   0x20000106   Data           2  control.o(.data)
    roll_out_int                             0x20000108   Data           2  control.o(.data)
    pitch_out_int                            0x2000010a   Data           2  control.o(.data)
    yaw_out_int                              0x2000010c   Data           2  control.o(.data)
    GYRO_OFFSET                              0x20000134   Data          12  ahrs.o(.data)
    ACC_OFFSET                               0x20000140   Data          12  ahrs.o(.data)
    ACC_1G                                   0x2000014c   Data           2  ahrs.o(.data)
    Yaw_Raw_Rad                              0x20000150   Data           4  ahrs.o(.data)
    Roll_Raw_Rad                             0x20000154   Data           4  ahrs.o(.data)
    Pitch_Raw_Rad                            0x20000158   Data           4  ahrs.o(.data)
    SinRoll                                  0x2000015c   Data           4  ahrs.o(.data)
    SinPitch                                 0x20000160   Data           4  ahrs.o(.data)
    CosRoll                                  0x20000164   Data           4  ahrs.o(.data)
    CosPitch                                 0x20000168   Data           4  ahrs.o(.data)
    SinYaw                                   0x2000016c   Data           4  ahrs.o(.data)
    CosYaw                                   0x20000170   Data           4  ahrs.o(.data)
    exInt                                    0x20000174   Data           4  ahrs.o(.data)
    eyInt                                    0x20000178   Data           4  ahrs.o(.data)
    ezInt                                    0x2000017c   Data           4  ahrs.o(.data)
    exInt_mag                                0x20000180   Data           4  ahrs.o(.data)
    eyInt_mag                                0x20000184   Data           4  ahrs.o(.data)
    ezInt_mag                                0x20000188   Data           4  ahrs.o(.data)
    v_Yaw_Raw                                0x2000018c   Data           4  ahrs.o(.data)
    errorh_int                               0x20000190   Data           4  ahrs.o(.data)
    Saveheadholdflag                         0x200001d0   Data           1  attitude.o(.data)
    headfreeflag                             0x200001d1   Data           1  attitude.o(.data)
    Yaw_turn                                 0x200001d4   Data           4  attitude.o(.data)
    Headhold                                 0x200001d8   Data           4  attitude.o(.data)
    Headoriginal_rad                         0x200001dc   Data           4  attitude.o(.data)
    Control_proc_yaw_rate                    0x200001e0   Data           4  attitude.o(.data)
    Hight_i                                  0x200001e4   Data           4  attitude.o(.data)
    DebugData                                0x200001e8   Data          20  debug.o(.data)
    g_UART_PIDPkg_Rev_Fin                    0x200001fc   Data           1  debug.o(.data)
    __stdout                                 0x20000200   Data           4  stdout.o(.data)
    OSEventTbl                               0x20000208   Data         320  os_core.o(.bss)
    OSTaskIdleStk                            0x20000348   Data         512  os_core.o(.bss)
    OSTCBPrioTbl                             0x20000548   Data         128  os_core.o(.bss)
    OSTCBTbl                                 0x200005c8   Data        1764  os_core.o(.bss)
    DMA_InitStructure                        0x20000cac   Data          44  usart.o(.bss)
    startup_task_stk                         0x20000cd8   Data         320  app_task.o(.bss)
    task_AttitudeProcess_stk                 0x20000e18   Data         800  app_task.o(.bss)
    RC_task_stk                              0x20001138   Data         320  app_task.o(.bss)
    motor_task_stk                           0x20001278   Data         320  app_task.o(.bss)
    Task_LEDState_stk                        0x200013b8   Data         120  app_task.o(.bss)
    FlyReg                                   0x20001430   Data          56  fly_reg.o(.bss)
    BUF_R                                    0x20001468   Data          32  rc.o(.bss)
    BUF_T                                    0x20001488   Data          32  rc.o(.bss)
    g_MxCnb                                  0x200014a8   Data          36  quaternion.o(.bss)
    PID_ALT                                  0x200014cc   Data          32  control.o(.bss)
    PID_ACC_ALT                              0x200014ec   Data          32  control.o(.bss)
    PID_ROL                                  0x2000150c   Data          32  control.o(.bss)
    PID_PIT                                  0x2000152c   Data          32  control.o(.bss)
    PID_YAW                                  0x2000154c   Data          32  control.o(.bss)
    PID_ROL_PIT_RATE                         0x2000156c   Data          32  control.o(.bss)
    PID_POS                                  0x2000158c   Data          32  control.o(.bss)
    PID_POS_OF                               0x200015ac   Data          32  control.o(.bss)
    GYRO_Raw                                 0x200015cc   Data          12  ahrs.o(.bss)
    GYRO_Deg                                 0x200015d8   Data          12  ahrs.o(.bss)
    GYRO_Int                                 0x200015e4   Data          12  ahrs.o(.bss)
    ACC_Raw                                  0x200015f0   Data          12  ahrs.o(.bss)
    ACC_Last                                 0x200015fc   Data          12  ahrs.o(.bss)
    ACC_Linear_n                             0x20001608   Data          12  ahrs.o(.bss)
    ACC_Linear_n_mm                          0x20001614   Data          12  ahrs.o(.bss)
    g_LVelimu_n                              0x20001620   Data          12  ahrs.o(.bss)
    g_LVel_n                                 0x2000162c   Data          12  ahrs.o(.bss)
    FiltArray_AX                             0x20001638   Data          40  ahrs.o(.bss)
    FiltArray_AY                             0x20001660   Data          40  ahrs.o(.bss)
    FiltArray_AZ                             0x20001688   Data          40  ahrs.o(.bss)
    Vehiclebias                              0x200016b0   Data          12  attitude.o(.bss)
    RC_att                                   0x200016bc   Data          12  attitude.o(.bss)
    Optflow_att                              0x200016c8   Data          12  attitude.o(.bss)
    Control_proc_att                         0x200016d4   Data          12  attitude.o(.bss)
    Control_ulti_att                         0x200016e0   Data          12  attitude.o(.bss)
    ReceiveData                              0x200016ec   Data          10  debug.o(.bss)
    dug_buf1                                 0x200016f6   Data         128  debug.o(.bss)
    __initial_sp                             0x20001b78   Data           0  startup_stm32f10x_hd.o(STACK)



==============================================================================

Memory Map of the image

  Image Entry point : 0x08000131

  Load Region LR_IROM1 (Base: 0x08000000, Size: 0x00008e50, Max: 0x00020000, ABSOLUTE, COMPRESSED[0x00008ca0])

    Execution Region ER_IROM1 (Base: 0x08000000, Size: 0x00008c48, Max: 0x00020000, ABSOLUTE)

    Base Addr    Size         Type   Attr      Idx    E Section Name        Object

    0x08000000   0x00000130   Data   RO          387    RESET               startup_stm32f10x_hd.o
    0x08000130   0x00000000   Code   RO          908  * .ARM.Collect$$$$00000000  mc_w.l(entry.o)
    0x08000130   0x00000004   Code   RO         1253    .ARM.Collect$$$$00000001  mc_w.l(entry2.o)
    0x08000134   0x00000004   Code   RO         1256    .ARM.Collect$$$$00000004  mc_w.l(entry5.o)
    0x08000138   0x00000000   Code   RO         1258    .ARM.Collect$$$$00000008  mc_w.l(entry7b.o)
    0x08000138   0x00000000   Code   RO         1260    .ARM.Collect$$$$0000000A  mc_w.l(entry8b.o)
    0x08000138   0x00000008   Code   RO         1261    .ARM.Collect$$$$0000000B  mc_w.l(entry9a.o)
    0x08000140   0x00000000   Code   RO         1263    .ARM.Collect$$$$0000000D  mc_w.l(entry10a.o)
    0x08000140   0x00000000   Code   RO         1265    .ARM.Collect$$$$0000000F  mc_w.l(entry11a.o)
    0x08000140   0x00000004   Code   RO         1254    .ARM.Collect$$$$00002712  mc_w.l(entry2.o)
    0x08000144   0x00000028   Code   RO            1    .text               main.o
    0x0800016c   0x00000028   Code   RO          180    .text               stm32f10x_it.o
    0x08000194   0x000001e0   Code   RO          209    .text               system_stm32f10x.o
    0x08000374   0x000000dc   Code   RO          227    .text               misc.o
    0x08000450   0x0000035c   Code   RO          239    .text               stm32f10x_gpio.o
    0x080007ac   0x000003a4   Code   RO          251    .text               stm32f10x_rcc.o
    0x08000b50   0x00000254   Code   RO          301    .text               stm32f10x_dma.o
    0x08000da4   0x0000011c   Code   RO          313    .text               stm32f10x_exti.o
    0x08000ec0   0x0000030c   Code   RO          349    .text               stm32f10x_spi.o
    0x080011cc   0x00000e1a   Code   RO          361    .text               stm32f10x_tim.o
    0x08001fe6   0x00000002   PAD
    0x08001fe8   0x00000408   Code   RO          373    .text               stm32f10x_usart.o
    0x080023f0   0x00000024   Code   RO          388    .text               startup_stm32f10x_hd.o
    0x08002414   0x00000730   Code   RO          392    .text               os_core.o
    0x08002b44   0x000003b8   Code   RO          448    .text               os_sem.o
    0x08002efc   0x00000530   Code   RO          460    .text               os_task.o
    0x0800342c   0x000001c0   Code   RO          472    .text               os_time.o
    0x080035ec   0x000000ac   Code   RO          490    .text               os_cpu_c.o
    0x08003698   0x000000a4   Code   RO          518    .text               os_cpu_a.o
    0x0800373c   0x000001f8   Code   RO          521    .text               led.o
    0x08003934   0x0000013c   Code   RO          536    .text               motor.o
    0x08003a70   0x000003a0   Code   RO          552    .text               nrf24l01.o
    0x08003e10   0x0000018c   Code   RO          576    .text               spi.o
    0x08003f9c   0x000000b4   Code   RO          588    .text               exti.o
    0x08004050   0x000001fc   Code   RO          608    .text               usart.o
    0x0800424c   0x0000015c   Code   RO          623    .text               mpu9250.o
    0x080043a8   0x00000498   Code   RO          641    .text               i2c.o
    0x08004840   0x0000058c   Code   RO          653    .text               app_task.o
    0x08004dcc   0x000003fe   Code   RO          692    .text               rc.o
    0x080051ca   0x00000002   PAD
    0x080051cc   0x00000458   Code   RO          712    .text               quaternion.o
    0x08005624   0x000001e8   Code   RO          735    .text               dataprocess.o
    0x0800580c   0x0000076c   Code   RO          754    .text               control.o
    0x08005f78   0x00000c1c   Code   RO          774    .text               ahrs.o
    0x08006b94   0x000001dc   Code   RO          807    .text               attitude.o
    0x08006d70   0x00000708   Code   RO          844    .text               debug.o
    0x08007478   0x00000024   Code   RO          911    .text               mc_w.l(memcpya.o)
    0x0800749c   0x000000b0   Code   RO         1175    .text               mf_w.l(fadd.o)
    0x0800754c   0x00000064   Code   RO         1177    .text               mf_w.l(fmul.o)
    0x080075b0   0x0000007c   Code   RO         1179    .text               mf_w.l(fdiv.o)
    0x0800762c   0x0000014e   Code   RO         1181    .text               mf_w.l(dadd.o)
    0x0800777a   0x000000e4   Code   RO         1183    .text               mf_w.l(dmul.o)
    0x0800785e   0x000000de   Code   RO         1185    .text               mf_w.l(ddiv.o)
    0x0800793c   0x00000012   Code   RO         1187    .text               mf_w.l(fflti.o)
    0x0800794e   0x00000022   Code   RO         1189    .text               mf_w.l(dflti.o)
    0x08007970   0x0000001a   Code   RO         1191    .text               mf_w.l(dfltui.o)
    0x0800798a   0x00000032   Code   RO         1193    .text               mf_w.l(ffixi.o)
    0x080079bc   0x0000003e   Code   RO         1195    .text               mf_w.l(dfixi.o)
    0x080079fa   0x00000026   Code   RO         1197    .text               mf_w.l(f2d.o)
    0x08007a20   0x00000038   Code   RO         1199    .text               mf_w.l(d2f.o)
    0x08007a58   0x00000014   Code   RO         1201    .text               mf_w.l(cfcmple.o)
    0x08007a6c   0x00000014   Code   RO         1203    .text               mf_w.l(cfrcmple.o)
    0x08007a80   0x0000001e   Code   RO         1272    .text               mc_w.l(llshl.o)
    0x08007a9e   0x00000020   Code   RO         1274    .text               mc_w.l(llushr.o)
    0x08007abe   0x00000024   Code   RO         1276    .text               mc_w.l(llsshr.o)
    0x08007ae2   0x00000000   Code   RO         1285    .text               mc_w.l(iusefp.o)
    0x08007ae2   0x0000006e   Code   RO         1286    .text               mf_w.l(fepilogue.o)
    0x08007b50   0x0000003c   Code   RO         1288    .text               mf_w.l(frnd.o)
    0x08007b8c   0x000000ba   Code   RO         1290    .text               mf_w.l(depilogue.o)
    0x08007c46   0x0000002e   Code   RO         1292    .text               mf_w.l(dscalb.o)
    0x08007c74   0x000000a2   Code   RO         1294    .text               mf_w.l(dsqrt.o)
    0x08007d16   0x00000002   PAD
    0x08007d18   0x00000024   Code   RO         1302    .text               mc_w.l(init.o)
    0x08007d3c   0x00000018   Code   RO         1304    .text               mf_w.l(fscalb.o)
    0x08007d54   0x0000000a   Code   RO         1306    .text               mf_w.l(ffltui.o)
    0x08007d5e   0x00000056   Code   RO         1316    .text               mc_w.l(__dczerorl2.o)
    0x08007db4   0x00000010   Code   RO          916    i.__0printf$bare    mc_w.l(printfb.o)
    0x08007dc4   0x00000028   Code   RO         1229    i.__ARM_fpclassify  m_ws.l(fpclassify.o)
    0x08007dec   0x00000026   Code   RO         1231    i.__ARM_fpclassifyf  m_ws.l(fpclassifyf.o)
    0x08007e12   0x000000aa   Code   RO         1247    i.__kernel_poly     m_ws.l(poly.o)
    0x08007ebc   0x00000006   Code   RO         1216    i.__mathlib_dbl_infnan  m_ws.l(dunder.o)
    0x08007ec2   0x00000004   Code   RO         1217    i.__mathlib_dbl_infnan2  m_ws.l(dunder.o)
    0x08007ec6   0x0000000c   Code   RO         1218    i.__mathlib_dbl_invalid  m_ws.l(dunder.o)
    0x08007ed2   0x00000002   PAD
    0x08007ed4   0x00000010   Code   RO         1221    i.__mathlib_dbl_underflow  m_ws.l(dunder.o)
    0x08007ee4   0x00000006   Code   RO         1234    i.__mathlib_flt_infnan  m_ws.l(funder.o)
    0x08007eea   0x00000008   Code   RO         1236    i.__mathlib_flt_invalid  m_ws.l(funder.o)
    0x08007ef2   0x0000000a   Code   RO         1239    i.__mathlib_flt_underflow  m_ws.l(funder.o)
    0x08007efc   0x00000168   Code   RO         1250    i.__mathlib_rredf2  m_ws.l(rredf.o)
    0x08008064   0x0000000e   Code   RO         1310    i.__scatterload_copy  mc_w.l(handlers.o)
    0x08008072   0x00000002   Code   RO         1311    i.__scatterload_null  mc_w.l(handlers.o)
    0x08008074   0x0000000e   Code   RO         1312    i.__scatterload_zeroinit  mc_w.l(handlers.o)
    0x08008082   0x00000002   PAD
    0x08008084   0x0000000c   Code   RO         1280    i.__set_errno       mc_w.l(errno.o)
    0x08008090   0x00000022   Code   RO          923    i._printf_core      mc_w.l(printfb.o)
    0x080080b2   0x00000002   PAD
    0x080080b4   0x00000270   Code   RO          867    i.asin              m_ws.l(asin.o)
    0x08008324   0x00000220   Code   RO         1206    i.atan              m_ws.l(atan.o)
    0x08008544   0x00000180   Code   RO          877    i.atan2             m_ws.l(atan2.o)
    0x080086c4   0x0000017c   Code   RO          885    i.cosf              m_ws.l(cosf.o)
    0x08008840   0x00000188   Code   RO          893    i.sinf              m_ws.l(sinf.o)
    0x080089c8   0x0000004c   Code   RO          901    i.sqrt              m_ws.l(sqrt.o)
    0x08008a14   0x00000100   Data   RO          394    .constdata          os_core.o
    0x08008b14   0x00000004   PAD
    0x08008b18   0x00000050   Data   RO          868    .constdata          m_ws.l(asin.o)
    0x08008b68   0x00000098   Data   RO         1207    .constdata          m_ws.l(atan.o)
    0x08008c00   0x00000008   Data   RO         1249    .constdata          m_ws.l(qnan.o)
    0x08008c08   0x00000020   Data   RO         1251    .constdata          m_ws.l(rredf.o)
    0x08008c28   0x00000020   Data   RO         1308    Region$$Table       anon$$obj.o


    Execution Region RW_IRAM1 (Base: 0x20000000, Size: 0x00001b78, Max: 0x00004000, ABSOLUTE, COMPRESSED[0x00000058])

    Base Addr    Size         Type   Attr      Idx    E Section Name        Object

    0x20000000   0x00000014   Data   RW          210    .data               system_stm32f10x.o
    0x20000014   0x00000014   Data   RW          252    .data               stm32f10x_rcc.o
    0x20000028   0x0000002c   Data   RW          395    .data               os_core.o
    0x20000054   0x0000000a   Data   RW          553    .data               nrf24l01.o
    0x2000005e   0x00000002   PAD
    0x20000060   0x00000013   Data   RW          655    .data               app_task.o
    0x20000073   0x00000001   PAD
    0x20000074   0x00000028   Data   RW          694    .data               rc.o
    0x2000009c   0x00000010   Data   RW          714    .data               quaternion.o
    0x200000ac   0x0000001c   Data   RW          736    .data               dataprocess.o
    0x200000c8   0x0000006a   Data   RW          756    .data               control.o
    0x20000132   0x00000002   PAD
    0x20000134   0x00000099   Data   RW          776    .data               ahrs.o
    0x200001cd   0x00000003   PAD
    0x200001d0   0x00000018   Data   RW          809    .data               attitude.o
    0x200001e8   0x00000017   Data   RW          846    .data               debug.o
    0x200001ff   0x00000001   PAD
    0x20000200   0x00000004   Data   RW         1267    .data               mc_w.l(stdout.o)
    0x20000204   0x00000004   Data   RW         1281    .data               mc_w.l(errno.o)
    0x20000208   0x00000aa4   Zero   RW          393    .bss                os_core.o
    0x20000cac   0x0000002c   Zero   RW          609    .bss                usart.o
    0x20000cd8   0x00000758   Zero   RW          654    .bss                app_task.o
    0x20001430   0x00000038   Zero   RW          680    .bss                fly_reg.o
    0x20001468   0x00000040   Zero   RW          693    .bss                rc.o
    0x200014a8   0x00000024   Zero   RW          713    .bss                quaternion.o
    0x200014cc   0x00000100   Zero   RW          755    .bss                control.o
    0x200015cc   0x000000e4   Zero   RW          775    .bss                ahrs.o
    0x200016b0   0x0000003c   Zero   RW          808    .bss                attitude.o
    0x200016ec   0x0000008a   Zero   RW          845    .bss                debug.o
    0x20001776   0x00000002   PAD
    0x20001778   0x00000400   Zero   RW          385    STACK               startup_stm32f10x_hd.o


==============================================================================

Image component sizes


      Code (inc. data)   RO Data    RW Data    ZI Data      Debug   Object Name

      3100        300          0        153        228       5402   ahrs.o
      1420        146          0         19       1880      26328   app_task.o
       476         40          0         24         60       2217   attitude.o
      1900        172          0        106        256       5378   control.o
         0          0          0          0          0         32   core_cm3.o
       488         52          0         28          0       2329   dataprocess.o
      1800         82          0         23        138       3154   debug.o
       180         14          0          0          0        879   exti.o
         0          0          0          0         56       1497   fly_reg.o
      1176          6          0          0          0       4017   i2c.o
       504         30          0          0          0       1062   led.o
        40         10          0          0          0     291547   main.o
       220         22          0          0          0       1737   misc.o
       316         18          0          0          0       1163   motor.o
       348         12          0          0          0       1151   mpu9250.o
       928         14          0         10          0       3976   nrf24l01.o
      1840        164        256         44       2724      14736   os_core.o
       164         32          0          0          0        332   os_cpu_a.o
       172          0          0          0          0      10620   os_cpu_c.o
       952         16          0          0          0       3890   os_sem.o
      1328         62          0          0          0       4629   os_task.o
       448         26          0          0          0       1826   os_time.o
      1112         14          0         16         36       2076   quaternion.o
      1022         24          0         40         64       9725   rc.o
       396          8          0          0          0       1165   spi.o
        36          8        304          0       1024        804   startup_stm32f10x_hd.o
       596          8          0          0          0       4266   stm32f10x_dma.o
       284         10          0          0          0       2171   stm32f10x_exti.o
       860         38          0          0          0       5581   stm32f10x_gpio.o
        40          0          0          0          0       1294   stm32f10x_it.o
       932         36          0         20          0       8740   stm32f10x_rcc.o
       780         14          0          0          0       6466   stm32f10x_spi.o
      3610         88          0          0          0      22068   stm32f10x_tim.o
      1032         22          0          0          0       8308   stm32f10x_usart.o
       480         38          0         20          0       1791   system_stm32f10x.o
       508         18          0          0         44       3262   usart.o

    ----------------------------------------------------------------------
     29492       1544        596        512       6512     465619   Object Totals
         0          0         32          0          0          0   (incl. Generated)
         4          0          4          9          2          0   (incl. Padding)

    ----------------------------------------------------------------------

      Code (inc. data)   RO Data    RW Data    ZI Data      Debug   Library Member Name

       624         52         80          0          0        168   asin.o
       544         70        152          0          0        124   atan.o
       384         38          0          0          0        144   atan2.o
       380         52          0          0          0        124   cosf.o
        38          6          0          0          0        272   dunder.o
        40          0          0          0          0         68   fpclassify.o
        38          0          0          0          0         68   fpclassifyf.o
        24          0          0          0          0        204   funder.o
       170          0          0          0          0         96   poly.o
         0          0          8          0          0          0   qnan.o
       360         16         32          0          0         88   rredf.o
       392         54          0          0          0        124   sinf.o
        76          0          0          0          0         84   sqrt.o
        86          0          0          0          0          0   __dczerorl2.o
         0          0          0          0          0          0   entry.o
         0          0          0          0          0          0   entry10a.o
         0          0          0          0          0          0   entry11a.o
         8          4          0          0          0          0   entry2.o
         4          0          0          0          0          0   entry5.o
         0          0          0          0          0          0   entry7b.o
         0          0          0          0          0          0   entry8b.o
         8          4          0          0          0          0   entry9a.o
        12          6          0          4          0         68   errno.o
        30          0          0          0          0          0   handlers.o
        36          8          0          0          0         68   init.o
         0          0          0          0          0          0   iusefp.o
        30          0          0          0          0         68   llshl.o
        36          0          0          0          0         68   llsshr.o
        32          0          0          0          0         68   llushr.o
        36          0          0          0          0         68   memcpya.o
        50          8          0          0          0        152   printfb.o
         0          0          0          4          0          0   stdout.o
        20          0          0          0          0         68   cfcmple.o
        20          0          0          0          0         68   cfrcmple.o
        56          0          0          0          0         88   d2f.o
       334          0          0          0          0        148   dadd.o
       222          0          0          0          0        100   ddiv.o
       186          0          0          0          0        176   depilogue.o
        62          0          0          0          0         80   dfixi.o
        34          0          0          0          0         76   dflti.o
        26          0          0          0          0         76   dfltui.o
       228          0          0          0          0         96   dmul.o
        46          0          0          0          0         80   dscalb.o
       162          0          0          0          0        100   dsqrt.o
        38          0          0          0          0         68   f2d.o
       176          0          0          0          0        140   fadd.o
       124          0          0          0          0         88   fdiv.o
       110          0          0          0          0        168   fepilogue.o
        50          0          0          0          0         68   ffixi.o
        18          0          0          0          0         68   fflti.o
        10          0          0          0          0         68   ffltui.o
       100          0          0          0          0         76   fmul.o
        60          0          0          0          0         76   frnd.o
        24          0          0          0          0         68   fscalb.o

    ----------------------------------------------------------------------
      5552        318        272          8          0       4168   Library Totals
         8          0          0          0          0          0   (incl. Padding)

    ----------------------------------------------------------------------

      Code (inc. data)   RO Data    RW Data    ZI Data      Debug   Library Name

      3070        288        272          0          0       1564   m_ws.l
       368         30          0          8          0        560   mc_w.l
      2106          0          0          0          0       2044   mf_w.l

    ----------------------------------------------------------------------
      5552        318        272          8          0       4168   Library Totals

    ----------------------------------------------------------------------

==============================================================================


      Code (inc. data)   RO Data    RW Data    ZI Data      Debug   

     35044       1862        868        520       6512     464767   Grand Totals
     35044       1862        868         88       6512     464767   ELF Image Totals (compressed)
     35044       1862        868         88          0          0   ROM Totals

==============================================================================

    Total RO  Size (Code + RO Data)                35912 (  35.07kB)
    Total RW  Size (RW Data + ZI Data)              7032 (   6.87kB)
    Total ROM Size (Code + RO Data + RW Data)      36000 (  35.16kB)

==============================================================================

